[{"title":"Title A","body":"Nothing interesting"},{"title":"Title B","body":"Something else"},{"title":"Title C","body":"Rich Boy selling crick"}]