[{"title":"Title C"},{"title":"Title B"},{"title":"Title A"}]